// Jest Snapshot v1, https://goo.gl/fbAQLP

exports[`Controls tests should match snapshot test 1`] = `
<div
  className="controls"
>
  <h1>
    Controls
  </h1>
  <hr />
  <div
    className="button-container"
  >
    <div
      className="button"
      key="button-type-Projects0"
      onClick={[Function]}
    >
      <div
        className="circle-icon bg-0"
      />
      <p
        className="button-name"
      >
        Projects
      </p>
    </div>
    <div
      className="button"
      key="button-type-Employees1"
      onClick={[Function]}
    >
      <div
        className="circle-icon bg-1"
      />
      <p
        className="button-name"
      >
        Employees
      </p>
    </div>
    <div
      className="button"
      key="button-type-All Reports2"
      onClick={[Function]}
    >
      <div
        className="circle-icon bg-2"
      />
      <p
        className="button-name"
      >
        All Reports
      </p>
    </div>
    <div
      className="button"
      key="button-type-Reports By Project3"
      onClick={[Function]}
    >
      <div
        className="circle-icon bg-3"
      />
      <p
        className="button-name"
      >
        Reports By Project
      </p>
    </div>
    <div
      className="button"
      key="button-type-Reports By Employee4"
      onClick={[Function]}
    >
      <div
        className="circle-icon bg-4"
      />
      <p
        className="button-name"
      >
        Reports By Employee
      </p>
    </div>
    <div
      className="button"
      key="button-type-All Forms5"
      onClick={[Function]}
    >
      <div
        className="circle-icon bg-5"
      />
      <p
        className="button-name"
      >
        All Forms
      </p>
    </div>
    <div
      className="button"
      key="button-type-Add Employee6"
      onClick={[Function]}
    >
      <div
        className="circle-icon bg-6"
      />
      <p
        className="button-name"
      >
        Add Employee
      </p>
    </div>
    <div
      className="button"
      key="button-type-Add Project7"
      onClick={[Function]}
    >
      <div
        className="circle-icon bg-7"
      />
      <p
        className="button-name"
      >
        Add Project
      </p>
    </div>
  </div>
</div>
`;
