// Jest Snapshot v1, https://goo.gl/fbAQLP

exports[`HotworkForm tests should match snapshot test 1`] = `
<form
  className="hotwork-template"
>
  <h1>
    HOT WORK PERMIT
  </h1>
  <h3>
    This Hot Work Permit is required for any temporary operation involving open flames or sparks. This includes, but is not limited to: brazing, cutting, grinding, soldering, thawing pipes, torch-applied roofing, and welding
  </h3>
  <p>
    Required fields are followed by 
    <abbr
      title="required"
    >
      *
    </abbr>
  </p>
  <section
    className="general-info"
  >
    <label
      htmlFor="project-id"
    >
      Project ID: 
      <abbr
        title="required"
      >
        *
      </abbr>
      <input
        onChange={[Function]}
        placeholder="project id"
        type="text"
      />
    </label>
    <label
      htmlFor="employeename"
    >
      Name: 
      <abbr
        title="required"
      >
        *
      </abbr>
      <input
        onChange={[Function]}
        placeholder="Employee Name"
        type="text"
      />
    </label>
    <label
      htmlFor="email"
    >
      Email: 
      <abbr
        title="required"
      >
        *
      </abbr>
      <input
        onChange={[Function]}
        placeholder="Email"
        type="text"
      />
    </label>
    <label
      htmlFor="company"
    >
      Company: 
      <abbr
        title="required"
      >
        *
      </abbr>
      <input
        onChange={[Function]}
        placeholder="Company"
        type="text"
      />
    </label>
    <label
      htmlFor="date"
    >
      Date: 
      <abbr
        title="required"
      >
        *
      </abbr>
      <input
        onChange={[Function]}
        type="date"
      />
    </label>
  </section>
  <section
    className="string-info"
  >
    <label
      htmlFor="firewatch-req"
    >
      Firewatch Requirement? 
      <abbr
        title="required"
      >
        *
      </abbr>
      <input
        onChange={[Function]}
        placeholder="Firewatch requirement?"
        type="text"
      />
    </label>
    <label
      htmlFor="start-time"
    >
      Start Time
      <abbr
        title="required"
      >
        *
      </abbr>
      <input
        onChange={[Function]}
        type="time"
      />
    </label>
    <label
      htmlFor="end-time"
    >
      End Time
      <abbr
        title="required"
      >
        *
      </abbr>
      <input
        onChange={[Function]}
        type="time"
      />
    </label>
  </section>
  <section
    className="bool-info"
  >
    <label
      htmlFor="area-inspected"
      onChange={[Function]}
    >
      Area Inspected? 
      <abbr
        title="required"
      >
        *
      </abbr>
      <br />
      <input
        name="inspected"
        type="radio"
        value="true"
      />
      Yes
      <br />
      <input
        name="inspected"
        type="radio"
        value="false"
      />
      No
      <br />
    </label>
    <label
      htmlFor="fire-extinguesher"
      onChange={[Function]}
    >
      Fire Extinguisher? 
      <abbr
        title="required"
      >
        *
      </abbr>
      <br />
      <input
        name="extinguisher"
        type="radio"
        value="true"
      />
      Yes
      <br />
      <input
        name="extinguisher"
        type="radio"
        value="false"
      />
      No
      <br />
    </label>
    <label
      htmlFor="flammables-removed"
      onChange={[Function]}
    >
      Flammables Removed? 
      <abbr
        title="required"
      >
        *
      </abbr>
      <br />
      <input
        name="flammables"
        type="radio"
        value="true"
      />
      Yes
      <br />
      <input
        name="flammables"
        type="radio"
        value="false"
      />
      No
      <br />
    </label>
    <label
      htmlFor="smoke-detectors"
      onChange={[Function]}
    >
      Smoke Detectors Disabled? 
      <abbr
        title="required"
      >
        *
      </abbr>
      <br />
      <input
        name="smoke-detectors"
        type="radio"
        value="yes"
      />
      Yes
      <br />
      <input
        name="smoke-detectors"
        type="radio"
        value="no"
      />
      No
      <br />
    </label>
    <label
      htmlFor="sprinkler-headers"
      onChange={[Function]}
    >
      Sprinkler Heads Protected? 
      <abbr
        title="required"
      >
        *
      </abbr>
      <br />
      <input
        name="sprinkler-heads"
        type="radio"
        value="yes"
      />
      Yes
      <br />
      <input
        name="sprinkler-heads"
        type="radio"
        value="no"
      />
      No
      <br />
    </label>
  </section>
  <section>
    <input
      placeholder="Signature"
      type="text"
    />
  </section>
  <button
    onClick={[Function]}
  >
    Submit
  </button>
</form>
`;
